2026-08-05 05:45:01  === Divmetric collect start ===
2026-08-05 05:45:01  python: C:\Users\Anderson Scheiner\AppData\Local\Programs\Python\Python313\python.exe
2026-08-05 05:45:02  deps OK (skip pip)
2026-08-05 05:48:51  Divmetric collector: analysis window from 2015-01-01
2026-08-05 05:48:51    fetching BCB bundle…
2026-08-05 05:48:51    Selic=14.25% (2026-08-05) IPCA12m=4.64% (2026-06-01) series_ok=6
2026-08-05 05:48:51    fetching market benchmarks…
2026-08-05 05:48:51    market ok_count=17 errors=0
2026-08-05 05:48:51    fetching B3 elite/liquidity…
2026-08-05 05:48:51    elite ok_count=19 gaps=3
2026-08-05 05:48:51    fetching B3 FIIs…
2026-08-05 05:48:51    fii ok_count=18 errors=0
2026-08-05 05:48:51    fetching IFIX oficial (B3)…
2026-08-05 05:48:51    IFIX last=3784.38 (2026-08) t12=8.86% cagr=9.16% portfolio=106
2026-08-05 05:48:51    fetching world rates…
2026-08-05 05:48:51    rates ok_count=5 errors=0
2026-08-05 05:48:51    building COPOM calendar/decisions…
2026-08-05 05:48:51    COPOM next=2026-08-05 recent_decisions=12
2026-08-05 05:48:51    fetching news / agenda digest…
2026-08-05 05:48:51    agenda highlights=12 errors=0
2026-08-05 05:48:51  Divmetric collector: export OK → docs/data/
2026-08-05 05:48:51  === Divmetric collect done ===
