2026-08-06 05:45:02  === Divmetric collect start ===
2026-08-06 05:45:02  python: C:\Users\Anderson Scheiner\AppData\Local\Programs\Python\Python313\python.exe
2026-08-06 05:45:04  deps OK (skip pip)
2026-08-06 05:48:07  Divmetric collector: analysis window from 2015-01-01
2026-08-06 05:48:07    fetching BCB bundle…
2026-08-06 05:48:07    Selic=14.0% (2026-08-06) IPCA12m=4.64% (2026-06-01) series_ok=6
2026-08-06 05:48:07    fetching market benchmarks…
2026-08-06 05:48:07    market ok_count=17 errors=0
2026-08-06 05:48:07    fetching B3 elite/liquidity…
2026-08-06 05:48:07    elite ok_count=19 gaps=0
2026-08-06 05:48:07    fetching B3 FIIs…
2026-08-06 05:48:07    fii ok_count=18 errors=0
2026-08-06 05:48:07    fetching IFIX oficial (B3)…
2026-08-06 05:48:07    IFIX last=3781.99 (2026-08) t12=8.79% cagr=9.15% portfolio=106
2026-08-06 05:48:07    fetching world rates…
2026-08-06 05:48:07    rates ok_count=5 errors=0
2026-08-06 05:48:07    building COPOM calendar/decisions…
2026-08-06 05:48:07    COPOM next=2026-09-16 recent_decisions=12
2026-08-06 05:48:07    fetching news / agenda digest…
2026-08-06 05:48:07    agenda highlights=12 errors=0
2026-08-06 05:48:07  Divmetric collector: export OK → docs/data/
2026-08-06 05:48:07  === Divmetric collect done ===
