2026-08-07 07:10:18  === Divmetric collect start ===
2026-08-07 07:10:18  python: C:\Users\Anderson Scheiner\AppData\Local\Programs\Python\Python313\python.exe
2026-08-07 07:10:23  deps OK (skip pip)
2026-08-07 07:22:23  Divmetric collector: analysis window from 2015-01-01
2026-08-07 07:22:23    fetching BCB bundle…
2026-08-07 07:22:23    Selic=None% (None) IPCA12m=None% (None) series_ok=4
2026-08-07 07:22:23    fetching market benchmarks…
2026-08-07 07:22:23    market ok_count=17 errors=0
2026-08-07 07:22:23    fetching B3 elite/liquidity…
2026-08-07 07:22:23    elite ok_count=19 gaps=0
2026-08-07 07:22:23    fetching B3 FIIs…
2026-08-07 07:22:23    fii ok_count=18 errors=0
2026-08-07 07:22:23    fetching IFIX oficial (B3)…
2026-08-07 07:22:23    IFIX last=3760.11 (2026-08) t12=8.16% cagr=9.1% portfolio=106
2026-08-07 07:22:23    fetching world rates…
2026-08-07 07:22:23    rates ok_count=4 errors=0
2026-08-07 07:22:23    building COPOM calendar/decisions…
2026-08-07 07:22:23    COPOM next=2026-09-16 recent_decisions=0
2026-08-07 07:22:23    fetching news / agenda digest…
2026-08-07 07:22:23    agenda highlights=12 errors=0
2026-08-07 07:22:23  Divmetric collector: export OK → docs/data/
2026-08-07 07:22:24  === Divmetric collect done ===
2026-08-07 23:00:18  === Divmetric collect start ===
2026-08-07 23:00:18  python: C:\Users\Anderson Scheiner\AppData\Local\Programs\Python\Python313\python.exe
2026-08-07 23:00:18  deps OK (skip pip)
2026-08-07 23:04:15  Divmetric collector: analysis window from 2015-01-01
2026-08-07 23:04:15    fetching BCB bundle…
2026-08-07 23:04:15    Selic=14.0% (2026-08-08) IPCA12m=4.64% (2026-06-01) series_ok=6
2026-08-07 23:04:15    fetching market benchmarks…
2026-08-07 23:04:15    market ok_count=17 errors=0
2026-08-07 23:04:15    fetching B3 elite/liquidity…
2026-08-07 23:04:15    elite ok_count=19 gaps=1
2026-08-07 23:04:15    fetching B3 FIIs…
2026-08-07 23:04:15    fii ok_count=18 errors=0
2026-08-07 23:04:15    fetching IFIX oficial (B3)…
2026-08-07 23:04:15    IFIX last=3771.15 (2026-08) t12=8.48% cagr=4.89% portfolio=0
2026-08-07 23:04:15    fetching world rates…
2026-08-07 23:04:15    rates ok_count=5 errors=0
2026-08-07 23:04:15    building COPOM calendar/decisions…
2026-08-07 23:04:15    COPOM next=2026-09-16 recent_decisions=12
2026-08-07 23:04:15    fetching news / agenda digest…
2026-08-07 23:04:15    agenda highlights=12 errors=0
2026-08-07 23:04:15  Divmetric collector: export OK → docs/data/
2026-08-07 23:04:15  === Divmetric collect done ===
