2026-08-04 05:45:02  === Divmetric collect start ===
2026-08-04 05:45:02  ensuring Python deps (quiet)…
2026-08-04 07:15:47  === Divmetric collect start ===
2026-08-04 07:15:47  python: C:\Users\Anderson Scheiner\AppData\Local\Programs\Python\Python313\python.exe
2026-08-04 07:15:47  deps OK (skip pip)
2026-08-04 07:18:07  Divmetric collector: analysis window from 2015-01-01
2026-08-04 07:18:07    fetching BCB bundle…
2026-08-04 07:18:07    Selic=14.25% (2026-08-04) IPCA12m=4.64% (2026-06-01) series_ok=6
2026-08-04 07:18:07    fetching market benchmarks…
2026-08-04 07:18:07    market ok_count=8 errors=0
2026-08-04 07:18:07    fetching B3 elite/liquidity…
2026-08-04 07:18:08    elite ok_count=19 gaps=3
2026-08-04 07:18:08  Divmetric collector: export OK → docs/data/
2026-08-04 07:18:08  === Divmetric collect done ===
2026-08-04 07:21:04  === Divmetric collect start ===
2026-08-04 07:21:04  python: C:\Users\Anderson Scheiner\AppData\Local\Programs\Python\Python313\python.exe
2026-08-04 07:21:04  deps OK (skip pip)
2026-08-04 07:22:30  Divmetric collector: analysis window from 2015-01-01
2026-08-04 07:22:30    fetching BCB bundle…
2026-08-04 07:22:30    Selic=14.25% (2026-08-04) IPCA12m=4.64% (2026-06-01) series_ok=6
2026-08-04 07:22:30    fetching market benchmarks…
2026-08-04 07:22:30    market ok_count=8 errors=0
2026-08-04 07:22:30    fetching B3 elite/liquidity…
2026-08-04 07:22:30    elite ok_count=19 gaps=3
2026-08-04 07:22:30  Divmetric collector: export OK → docs/data/
2026-08-04 07:22:30  === Divmetric collect done ===
2026-08-04 23:00:17  === Divmetric collect start ===
2026-08-04 23:00:17  python: C:\Users\Anderson Scheiner\AppData\Local\Programs\Python\Python313\python.exe
2026-08-04 23:00:17  deps OK (skip pip)
2026-08-04 23:02:42  Divmetric collector: analysis window from 2015-01-01
2026-08-04 23:02:42    fetching BCB bundle…
2026-08-04 23:02:42    Selic=14.25% (2026-08-05) IPCA12m=4.64% (2026-06-01) series_ok=6
2026-08-04 23:02:42    fetching market benchmarks…
2026-08-04 23:02:42    market ok_count=17 errors=0
2026-08-04 23:02:42    fetching B3 elite/liquidity…
2026-08-04 23:02:42    elite ok_count=19 gaps=3
2026-08-04 23:02:42    fetching B3 FIIs…
2026-08-04 23:02:42    fii ok_count=18 errors=0
2026-08-04 23:02:42    fetching IFIX oficial (B3)…
2026-08-04 23:02:42    IFIX last=3784.38 (2026-08) t12=8.86% cagr=9.16% portfolio=106
2026-08-04 23:02:42    fetching world rates…
2026-08-04 23:02:42    rates ok_count=5 errors=0
2026-08-04 23:02:42    building COPOM calendar/decisions…
2026-08-04 23:02:42    COPOM next=2026-08-05 recent_decisions=12
2026-08-04 23:02:42    fetching news / agenda digest…
2026-08-04 23:02:42    agenda highlights=12 errors=0
2026-08-04 23:02:42  Divmetric collector: export OK → docs/data/
2026-08-04 23:02:42  === Divmetric collect done ===
